[21:06:22] [main/INFO] (Launcher) ModLauncher running: args [--launchTarget, forgeclientdev, --version, 21.1.182, --assetIndex, 1.21.1-17, --assetsDir, C:\Users\DanUn\.gradle\caches\fabric-loom\assets, --gameDir, ., --fml.fmlVersion, 4.0.40, --fml.mcVersion, 1.21.1, --fml.neoForgeVersion, 21.1.182, --fml.neoFormVersion, 20240808.144430]
[21:06:22] [main/INFO] (Launcher) JVM identified as Eclipse Adoptium OpenJDK 64-Bit Server VM 21.0.11+10-LTS
[21:06:22] [main/INFO] (Launcher) ModLauncher 11.0.5+main.901c6ea8 starting: java version 21.0.11 by Eclipse Adoptium; OS Windows 10 arch amd64 version 10.0
[21:06:22] [main/INFO] (unprotect) Initializing Unprotect using ModLauncher backend, target: Minecraft and loader classes (minecraft+forge)
[21:06:22] [main/INFO] (ImmediateWindowHandler) Loading ImmediateWindowProvider fmlearlywindow
[21:06:22] [main/INFO] (EARLYDISPLAY) Trying GL version 4.6
[21:06:22] [main/INFO] (EARLYDISPLAY) Requested GL version 4.6 got version 4.6
[21:06:22] [main/INFO] (mixin) SpongePowered MIXIN Subsystem Version=0.8.7 Source=union:/C:/Users/DanUn/.gradle/caches/modules-2/files-2.1/net.fabricmc/sponge-mixin/0.15.2+mixin.0.8.7/2af2f021d8e02a0220dc27a7a72b4666d66d44ca/sponge-mixin-0.15.2+mixin.0.8.7.jar%23140!/ Service=ModLauncher Env=CLIENT
[21:06:22] [pool-5-thread-1/INFO] (EARLYDISPLAY) GL info: NVIDIA GeForce RTX 3070/PCIe/SSE2 GL version 4.6.0 NVIDIA 595.97, NVIDIA Corporation
[21:06:22] [main/INFO] (ModDiscoverer) Found mod file "neoforge-21.1.182-minecraft-merged-1.21.1-loom.mappings.1_21_1.layered+hash.40359-v2-neoforge-21.1.182.jar" [locator: neoforge devenv provider ([C:\Users\DanUn\.gradle\caches\fabric-loom\minecraftMaven\net\minecraft\neoforge-21.1.182-minecraft-merged\1.21.1-loom.mappings.1_21_1.layered+hash.40359-v2-neoforge-21.1.182\neoforge-21.1.182-minecraft-merged-1.21.1-loom.mappings.1_21_1.layered+hash.40359-v2-neoforge-21.1.182.jar])]
[21:06:22] [main/INFO] (ModDiscoverer) Found mod file "neoforge-21.1.182-minecraft-merged-1.21.1-loom.mappings.1_21_1.layered+hash.40359-v2-neoforge-21.1.182.jar" [locator: neoforge devenv provider ([C:\Users\DanUn\.gradle\caches\fabric-loom\minecraftMaven\net\minecraft\neoforge-21.1.182-minecraft-merged\1.21.1-loom.mappings.1_21_1.layered+hash.40359-v2-neoforge-21.1.182\neoforge-21.1.182-minecraft-merged-1.21.1-loom.mappings.1_21_1.layered+hash.40359-v2-neoforge-21.1.182.jar])]
[21:06:22] [main/INFO] (ModDiscoverer) Found mod file "main" [locator: userdev mods and services, reader: mod manifest]
[21:06:22] [main/INFO] (ModDiscoverer) Found mod file "neoforge-21.1.182-minecraft-merged-1.21.1-loom.mappings.1_21_1.layered+hash.40359-v2-neoforge-21.1.182.jar" [locator: userdev mods and services, reader: mod manifest]
[21:06:22] [main/INFO] (ModDiscoverer) Found mod file "architectury-neoforge-cf182663-13.0.6.jar" [locator: userdev mods and services, reader: mod manifest]
[21:06:22] [main/INFO] (ModDiscoverer) Found mod file "neoforge-cf182663-1.7.3+1.21.1.jar" [locator: userdev mods and services, reader: mod manifest]
[21:06:22] [main/INFO] (ModDiscoverer) Found mod file "18134753093161676182.jar" [locator: userdev mods and services, reader: mod manifest]
[21:06:22] [main/INFO] (ModDiscoverer) Found gamelibrary file "mixinextras-neoforge-0.4.1.jar" [locator: userdev mods and services, reader: mod manifest]
[21:06:23] [main/WARN] (JarSelector) Attempted to select a dependency jar for JarJar which was passed in as source: library:mixinextras.neoforge. Using Mod File: C:\Users\DanUn\.gradle\caches\modules-2\files-2.1\io.github.llamalad7\mixinextras-neoforge\0.4.1\eff97772ecd0dcf8e52cdbafd3b3ccec425f8314\mixinextras-neoforge-0.4.1.jar
[21:06:23] [main/INFO] (JarInJarDependencyLocator) Found 1 dependencies adding them to mods collection
[21:06:23] [main/INFO] (ModDiscoverer) Found library file "net.neoforged.neoforge-coremods-21.1.182.jar" [parent: neoforge-21.1.182-minecraft-merged-1.21.1-loom.mappings.1_21_1.layered+hash.40359-v2-neoforge-21.1.182.jar, locator: jarinjar, reader: mod manifest]
[21:06:23] [main/INFO] (ModDiscoverer) 
     Mod List:
		Name Version (Mod Id)

		Architectury 13.0.6 (architectury)
		Cobblemon 1.7.3+1.21.1 (cobblemon)
		Cobblemon: Hammers 1.1.0-release (cobblemonhammers)
		generated_7288efa 1 (generated_7288efa)
		Minecraft 1.21.1 (minecraft)
		NeoForge 21.1.182 (neoforge)
[21:06:23] [main/INFO] (mixin) Compatibility level set to JAVA_21
[21:06:23] [main/INFO] (LaunchServiceHandler) Launching target 'forgeclientdev' with arguments [--version, 21.1.182, --gameDir, ., --assetsDir, C:\Users\DanUn\.gradle\caches\fabric-loom\assets, --assetIndex, 1.21.1-17]
[21:06:23] [main/INFO] (unprotect) Found 8254 Minecraft classes
[21:06:23] [main/WARN] (mixin) Error loading class: juuxel/adorn/block/variant/BlockVariantSets (java.lang.ClassNotFoundException: juuxel.adorn.block.variant.BlockVariantSets)
[21:06:23] [main/WARN] (mixin) @Mixin target juuxel.adorn.block.variant.BlockVariantSets was not found mixins.cobblemon-common.json:invoker.AdornRegisterInvoker from mod cobblemon
[21:06:24] [main/INFO] (MixinExtras|Service) Initializing MixinExtras via com.llamalad7.mixinextras.service.MixinExtrasServiceImpl(version=0.4.1).
[08Jun2026 21:06:25.211] [Datafixer Bootstrap/INFO] [com.mojang.datafixers.DataFixerBuilder/]: 229 Datafixer optimizations took 184 milliseconds
[08Jun2026 21:06:28.788] [main/WARN] [net.minecraft.commands.Commands/]: Ambiguity between arguments [teleport, location] and [teleport, destination] with inputs: [0.1 -0.5 .9, 0 0 0]
[08Jun2026 21:06:28.789] [main/WARN] [net.minecraft.commands.Commands/]: Ambiguity between arguments [teleport, location] and [teleport, targets] with inputs: [0.1 -0.5 .9, 0 0 0]
[08Jun2026 21:06:28.791] [main/WARN] [net.minecraft.commands.Commands/]: Ambiguity between arguments [teleport, destination] and [teleport, targets] with inputs: [Player, 0123, @e, dd12be42-52a9-4a91-a8a1-11c01849e498]
[08Jun2026 21:06:28.792] [main/WARN] [net.minecraft.commands.Commands/]: Ambiguity between arguments [teleport, targets] and [teleport, destination] with inputs: [Player, 0123, dd12be42-52a9-4a91-a8a1-11c01849e498]
[08Jun2026 21:06:28.792] [main/WARN] [net.minecraft.commands.Commands/]: Ambiguity between arguments [teleport, targets, location] and [teleport, targets, destination] with inputs: [0.1 -0.5 .9, 0 0 0]
[08Jun2026 21:06:28.901] [Render thread/WARN] [net.minecraft.server.packs.VanillaPackResourcesBuilder/]: Assets URL 'union:/C:/Users/DanUn/.gradle/caches/fabric-loom/minecraftMaven/net/minecraft/neoforge-21.1.182-minecraft-merged/1.21.1-loom.mappings.1_21_1.layered+hash.40359-v2-neoforge-21.1.182/neoforge-21.1.182-minecraft-merged-1.21.1-loom.mappings.1_21_1.layered+hash.40359-v2-neoforge-21.1.182.jar%23226!/assets/.mcassetsroot' uses unexpected schema
[08Jun2026 21:06:28.902] [Render thread/WARN] [net.minecraft.server.packs.VanillaPackResourcesBuilder/]: Assets URL 'union:/C:/Users/DanUn/.gradle/caches/fabric-loom/minecraftMaven/net/minecraft/neoforge-21.1.182-minecraft-merged/1.21.1-loom.mappings.1_21_1.layered+hash.40359-v2-neoforge-21.1.182/neoforge-21.1.182-minecraft-merged-1.21.1-loom.mappings.1_21_1.layered+hash.40359-v2-neoforge-21.1.182.jar%23226!/data/.mcassetsroot' uses unexpected schema
[08Jun2026 21:06:28.918] [Render thread/INFO] [com.mojang.authlib.yggdrasil.YggdrasilAuthenticationService/]: Environment: Environment[sessionHost=https://sessionserver.mojang.com, servicesHost=https://api.minecraftservices.com, name=PROD]
[08Jun2026 21:06:28.924] [Render thread/INFO] [net.minecraft.client.Minecraft/]: Setting user: Dev
[08Jun2026 21:06:28.980] [Render thread/INFO] [net.minecraft.client.Minecraft/]: Backend library: LWJGL version 3.3.3+5
[08Jun2026 21:06:29.159] [modloading-worker-0/INFO] [net.neoforged.neoforge.common.NeoForgeMod/NEOFORGE-MOD]: NeoForge mod loading, version 21.1.182, for MC 1.21.1
[08Jun2026 21:06:29.352] [modloading-worker-0/INFO] [com.cobblemon.mod.common.Cobblemon/]: Booting LaxPermissionValidator, permissions will be checked using Minecrafts permission level system, see https://minecraft.fandom.com/wiki/Permission_level
[08Jun2026 21:06:29.355] [modloading-worker-0/INFO] [com.cobblemon.mod.common.Cobblemon/]: Launching Cobblemon 1.7.3 
[08Jun2026 21:06:29.357] [modloading-worker-0/INFO] [com.cobblemon.mod.common.Cobblemon/]: Booting ForgePermissionApiPermissionValidator, player permissions will be checked using MinecraftForge' PermissionAPI, non player command sources will use Minecraft' permission level system, see https://docs.minecraftforge.net/en/latest/ and https://minecraft.fandom.com/wiki/Permission_level
[08Jun2026 21:06:29.597] [modloading-worker-0/INFO] [com.cobblemon.mod.common.Cobblemon/]: Starting the Best Spawner...
[08Jun2026 21:06:29.600] [modloading-worker-0/INFO] [com.cobblemon.mod.common.Cobblemon/]: Loaded 7 spawning condition types.
[08Jun2026 21:06:29.605] [modloading-worker-0/INFO] [com.cobblemon.mod.common.Cobblemon/]: Loaded 6 spawnable position types.
[08Jun2026 21:06:29.609] [modloading-worker-0/INFO] [com.cobblemon.mod.common.Cobblemon/]: Loaded 3 spawn detail types.
[08Jun2026 21:06:31.936] [Render thread/INFO] [net.neoforged.neoforge.gametest.GameTestHooks/]: Enabled Gametest Namespaces: []
[08Jun2026 21:06:32.024] [Render thread/INFO] [net.minecraft.server.packs.resources.ReloadableResourceManager/]: Reloading ResourceManager: vanilla, mod_resources, mod/generated_7288efa, mod/neoforge, mod/cobblemon, mod/cobblemonhammers, mod/architectury
[08Jun2026 21:06:32.031] [Worker-Main-2/INFO] [com.cobblemon.mod.common.Cobblemon/]: Initializing...
[08Jun2026 21:06:32.032] [Cobblemon Showdown/INFO] [com.cobblemon.mod.common.Cobblemon/]: Starting showdown service...
[08Jun2026 21:06:32.072] [Worker-Main-5/INFO] [net.minecraft.client.gui.font.providers.UnihexProvider/]: Found unifont_all_no_pua-15.1.05.hex, loading
[08Jun2026 21:06:32.152] [Worker-Main-1/ERROR] [net.minecraft.Util/]: Invalid path in pack: cobblemon:textures/particle/balls/LICENSE, ignoring
[08Jun2026 21:06:32.155] [Worker-Main-1/ERROR] [net.minecraft.Util/]: Invalid path in pack: cobblemon:textures/particle/balls/timerball/LICENSE, ignoring
[08Jun2026 21:06:32.155] [Worker-Main-1/ERROR] [net.minecraft.Util/]: Invalid path in pack: cobblemon:textures/particle/balls/timerball/battle/LICENSE, ignoring
[08Jun2026 21:06:32.155] [Worker-Main-1/ERROR] [net.minecraft.Util/]: Invalid path in pack: cobblemon:textures/particle/balls/timerball/casual/LICENSE, ignoring
[08Jun2026 21:06:32.155] [Worker-Main-1/ERROR] [net.minecraft.Util/]: Invalid path in pack: cobblemon:textures/particle/balls/ultraball/LICENSE, ignoring
[08Jun2026 21:06:32.155] [Worker-Main-1/ERROR] [net.minecraft.Util/]: Invalid path in pack: cobblemon:textures/particle/balls/ultraball/battle/LICENSE, ignoring
[08Jun2026 21:06:32.155] [Worker-Main-1/ERROR] [net.minecraft.Util/]: Invalid path in pack: cobblemon:textures/particle/balls/ultraball/casual/LICENSE, ignoring
[08Jun2026 21:06:32.156] [Worker-Main-1/ERROR] [net.minecraft.Util/]: Invalid path in pack: cobblemon:textures/particle/generic/LICENSE, ignoring
[08Jun2026 21:06:32.156] [Worker-Main-1/ERROR] [net.minecraft.Util/]: Invalid path in pack: cobblemon:textures/particle/generic/bubble/LICENSE, ignoring
[08Jun2026 21:06:32.156] [Worker-Main-1/ERROR] [net.minecraft.Util/]: Invalid path in pack: cobblemon:textures/particle/generic/electricity/LICENSE, ignoring
[08Jun2026 21:06:32.156] [Worker-Main-1/ERROR] [net.minecraft.Util/]: Invalid path in pack: cobblemon:textures/particle/generic/fire/LICENSE, ignoring
[08Jun2026 21:06:32.156] [Worker-Main-1/ERROR] [net.minecraft.Util/]: Invalid path in pack: cobblemon:textures/particle/generic/goo/LICENSE, ignoring
[08Jun2026 21:06:32.156] [Worker-Main-1/ERROR] [net.minecraft.Util/]: Invalid path in pack: cobblemon:textures/particle/generic/grass/LICENSE, ignoring
[08Jun2026 21:06:32.157] [Worker-Main-1/ERROR] [net.minecraft.Util/]: Invalid path in pack: cobblemon:textures/particle/generic/ice/LICENSE, ignoring
[08Jun2026 21:06:32.157] [Worker-Main-1/ERROR] [net.minecraft.Util/]: Invalid path in pack: cobblemon:textures/particle/generic/impact/LICENSE, ignoring
[08Jun2026 21:06:32.158] [Worker-Main-1/ERROR] [net.minecraft.Util/]: Invalid path in pack: cobblemon:textures/particle/generic/mud/LICENSE, ignoring
[08Jun2026 21:06:32.158] [Worker-Main-1/ERROR] [net.minecraft.Util/]: Invalid path in pack: cobblemon:textures/particle/generic/orb/LICENSE, ignoring
[08Jun2026 21:06:32.158] [Worker-Main-1/ERROR] [net.minecraft.Util/]: Invalid path in pack: cobblemon:textures/particle/generic/psychic/LICENSE, ignoring
[08Jun2026 21:06:32.158] [Worker-Main-1/ERROR] [net.minecraft.Util/]: Invalid path in pack: cobblemon:textures/particle/generic/ring/LICENSE, ignoring
[08Jun2026 21:06:32.158] [Worker-Main-1/ERROR] [net.minecraft.Util/]: Invalid path in pack: cobblemon:textures/particle/generic/smoke/LICENSE, ignoring
[08Jun2026 21:06:32.158] [Worker-Main-1/ERROR] [net.minecraft.Util/]: Invalid path in pack: cobblemon:textures/particle/generic/sparkle/LICENSE, ignoring
[08Jun2026 21:06:32.159] [Worker-Main-1/ERROR] [net.minecraft.Util/]: Invalid path in pack: cobblemon:textures/particle/generic/status/LICENSE, ignoring
[08Jun2026 21:06:32.159] [Worker-Main-1/ERROR] [net.minecraft.Util/]: Invalid path in pack: cobblemon:textures/particle/generic/water/LICENSE, ignoring
[08Jun2026 21:06:32.159] [Worker-Main-1/ERROR] [net.minecraft.Util/]: Invalid path in pack: cobblemon:textures/particle/moves/LICENSE, ignoring
[08Jun2026 21:06:32.159] [Worker-Main-1/ERROR] [net.minecraft.Util/]: Invalid path in pack: cobblemon:textures/particle/pokemon/0218_slugma/LICENSE, ignoring
[08Jun2026 21:06:32.160] [Worker-Main-1/ERROR] [net.minecraft.Util/]: Invalid path in pack: cobblemon:textures/particle/pokemon/LICENSE, ignoring
[08Jun2026 21:06:32.160] [Worker-Main-1/ERROR] [net.minecraft.Util/]: Invalid path in pack: cobblemon:textures/particle/request/LICENSE, ignoring
[08Jun2026 21:06:32.160] [Worker-Main-1/ERROR] [net.minecraft.Util/]: Invalid path in pack: cobblemon:textures/particle/vanilla/LICENSE, ignoring
[08Jun2026 21:06:32.208] [Worker-Main-4/INFO] [net.minecraft.client.gui.font.providers.UnihexProvider/]: Found unifont_jp_patch-15.1.05.hex, loading
[08Jun2026 21:06:32.228] [Worker-Main-9/WARN] [net.minecraft.client.sounds.SoundManager/]: File cobblemon:sounds/pokemon/ponyta/galarian_ponyta_cry.ogg does not exist, cannot add it to event cobblemon:pokemon.ponyta_galar.cry
[08Jun2026 21:06:32.307] [Worker-Main-9/WARN] [net.minecraft.client.renderer.texture.SpriteLoader/]: Texture cobblemon:block/decorative/cleanse_tag with size 8x8 limits mip level from 4 to 3
[08Jun2026 21:06:33.467] [Worker-Main-4/WARN] [net.minecraft.client.resources.model.ModelManager/]: Missing textures in model cobblemon:relic_coin_pouch#inventory:
    minecraft:textures/atlas/blocks.png:cobblemon:block/decorative_items/relic_coin_pouch
[08Jun2026 21:06:33.721] [Cobblemon Showdown/INFO] [com.cobblemon.mod.common.Cobblemon/]: Showdown has been started!
[08Jun2026 21:06:33.722] [Worker-Main-2/INFO] [com.cobblemon.mod.common.Cobblemon/]: Note: Cobblemon data registries are only loaded once per server instance as Pokémon species are not safe to reload.
[08Jun2026 21:06:33.722] [Worker-Main-2/INFO] [com.cobblemon.mod.common.Cobblemon/]: Registered the cobblemon:molang registry
[08Jun2026 21:06:33.724] [Worker-Main-2/INFO] [com.cobblemon.mod.common.Cobblemon/]: Registered the cobblemon:species_features registry
[08Jun2026 21:06:33.724] [Worker-Main-2/INFO] [com.cobblemon.mod.common.Cobblemon/]: Registered the cobblemon:global_species_features registry
[08Jun2026 21:06:33.725] [Worker-Main-2/INFO] [com.cobblemon.mod.common.Cobblemon/]: Registered the cobblemon:species_feature_assignments registry
[08Jun2026 21:06:33.732] [Worker-Main-2/INFO] [com.cobblemon.mod.common.Cobblemon/]: Registered the cobblemon:action_effects registry
[08Jun2026 21:06:33.733] [Worker-Main-2/INFO] [com.cobblemon.mod.common.Cobblemon/]: Registered the cobblemon:moves registry
[08Jun2026 21:06:33.734] [Worker-Main-2/INFO] [com.cobblemon.mod.common.Cobblemon/]: Registered the cobblemon:abilities registry
[08Jun2026 21:06:33.735] [Worker-Main-2/INFO] [com.cobblemon.mod.common.Cobblemon/]: Registered the cobblemon:behaviours registry
[08Jun2026 21:06:33.735] [Worker-Main-2/INFO] [com.cobblemon.mod.common.Cobblemon/]: Registered the cobblemon:species registry
[08Jun2026 21:06:33.736] [Worker-Main-2/INFO] [com.cobblemon.mod.common.Cobblemon/]: Registered the cobblemon:species_additions registry
[08Jun2026 21:06:33.736] [Worker-Main-2/INFO] [com.cobblemon.mod.common.Cobblemon/]: Registered the cobblemon:pokeballs registry
[08Jun2026 21:06:33.736] [Worker-Main-2/INFO] [com.cobblemon.mod.common.Cobblemon/]: Registered the cobblemon:properties_tab_completion registry
[08Jun2026 21:06:33.736] [Worker-Main-2/INFO] [com.cobblemon.mod.common.Cobblemon/]: Registered the cobblemon:spawn_detail_presets registry
[08Jun2026 21:06:33.740] [Worker-Main-2/INFO] [com.cobblemon.mod.common.Cobblemon/]: Registered the cobblemon:spawn_rules registry
[08Jun2026 21:06:33.751] [Worker-Main-2/INFO] [com.cobblemon.mod.common.Cobblemon/]: Registered the cobblemon:mechanics registry
[08Jun2026 21:06:33.751] [Worker-Main-2/INFO] [com.cobblemon.mod.common.Cobblemon/]: Registered the cobblemon:bag_items registry
[08Jun2026 21:06:33.752] [Worker-Main-2/INFO] [com.cobblemon.mod.common.Cobblemon/]: Registered the cobblemon:held_items registry
[08Jun2026 21:06:33.754] [Worker-Main-2/INFO] [com.cobblemon.mod.common.Cobblemon/]: Registered the cobblemon:dialogues registry
[08Jun2026 21:06:33.755] [Worker-Main-2/INFO] [com.cobblemon.mod.common.Cobblemon/]: Registered the cobblemon:natural_materials registry
[08Jun2026 21:06:33.756] [Worker-Main-2/INFO] [com.cobblemon.mod.common.Cobblemon/]: Registered the cobblemon:fossils registry
[08Jun2026 21:06:33.759] [Worker-Main-2/INFO] [com.cobblemon.mod.common.Cobblemon/]: Registered the cobblemon:npc_preset registry
[08Jun2026 21:06:33.760] [Worker-Main-2/INFO] [com.cobblemon.mod.common.Cobblemon/]: Registered the cobblemon:npc registry
[08Jun2026 21:06:33.761] [Worker-Main-2/INFO] [com.cobblemon.mod.common.Cobblemon/]: Registered the cobblemon:dex_entries registry
[08Jun2026 21:06:33.762] [Worker-Main-2/INFO] [com.cobblemon.mod.common.Cobblemon/]: Registered the cobblemon:dex_entry_additions registry
[08Jun2026 21:06:33.764] [Worker-Main-2/INFO] [com.cobblemon.mod.common.Cobblemon/]: Registered the cobblemon:dexes registry
[08Jun2026 21:06:33.765] [Worker-Main-2/INFO] [com.cobblemon.mod.common.Cobblemon/]: Registered the cobblemon:dex_additions registry
[08Jun2026 21:06:33.765] [Worker-Main-2/INFO] [com.cobblemon.mod.common.Cobblemon/]: Registered the cobblemon:cosmetic_items registry
[08Jun2026 21:06:33.766] [Worker-Main-2/INFO] [com.cobblemon.mod.common.Cobblemon/]: Registered the cobblemon:callbacks registry
[08Jun2026 21:06:33.767] [Worker-Main-2/INFO] [com.cobblemon.mod.common.Cobblemon/]: Registered the cobblemon:unlockable_pc_box_wallpapers registry
[08Jun2026 21:06:33.768] [Worker-Main-2/INFO] [com.cobblemon.mod.common.Cobblemon/]: Registered the cobblemon:marks registry
[08Jun2026 21:06:33.769] [Worker-Main-2/INFO] [com.cobblemon.mod.common.Cobblemon/]: Registered the cobblemon:starters registry
[08Jun2026 21:06:33.772] [Worker-Main-2/INFO] [com.cobblemon.mod.common.Cobblemon/]: Registered the cobblemon:spawn_pool_world registry
[08Jun2026 21:06:33.773] [Worker-Main-2/INFO] [com.cobblemon.mod.common.Cobblemon/]: Registered the cobblemon:pokerods registry
[08Jun2026 21:06:33.778] [Worker-Main-2/INFO] [com.cobblemon.mod.common.Cobblemon/]: Registered the cobblemon:berries registry
[08Jun2026 21:06:33.780] [Worker-Main-2/INFO] [com.cobblemon.mod.common.Cobblemon/]: Registered the cobblemon:seasonings registry
[08Jun2026 21:06:33.783] [Worker-Main-2/INFO] [com.cobblemon.mod.common.Cobblemon/]: Registered the cobblemon:pokemon_interactions registry
[08Jun2026 21:06:33.784] [Worker-Main-2/INFO] [com.cobblemon.mod.common.Cobblemon/]: Registered the cobblemon:spawn_bait_effects registry
[08Jun2026 21:06:33.786] [Worker-Main-2/INFO] [com.cobblemon.mod.common.Cobblemon/]: Registered the cobblemon:ride_settings registry
[08Jun2026 21:06:33.866] [Render thread/INFO] [com.cobblemon.mod.common.Cobblemon/]: Initializing Cobblemon client
[08Jun2026 21:06:33.889] [Render thread/INFO] [com.cobblemon.mod.common.Cobblemon/]: Registering Pokémon renderer
[08Jun2026 21:06:33.967] [Render thread/INFO] [com.cobblemon.mod.common.Cobblemon/]: Registering PokéBall renderer
[08Jun2026 21:06:33.968] [Render thread/INFO] [com.cobblemon.mod.common.Cobblemon/]: Registering Boat renderer
[08Jun2026 21:06:33.968] [Render thread/INFO] [com.cobblemon.mod.common.Cobblemon/]: Registering Boat with Chest renderer
[08Jun2026 21:06:33.968] [Render thread/INFO] [com.cobblemon.mod.common.Cobblemon/]: Registering Generic Bedrock renderer
[08Jun2026 21:06:33.969] [Render thread/INFO] [com.cobblemon.mod.common.Cobblemon/]: Registering Generic Bedrock Entity renderer
[08Jun2026 21:06:33.969] [Render thread/INFO] [com.cobblemon.mod.common.Cobblemon/]: Registering PokeRod Bobber renderer
[08Jun2026 21:06:33.969] [Render thread/INFO] [com.cobblemon.mod.common.Cobblemon/]: Registering NPC renderer
[08Jun2026 21:06:33.974] [Render thread/INFO] [com.cobblemon.mod.common.Cobblemon/]: Registering custom BuiltinItemRenderers
[08Jun2026 21:06:34.267] [Render thread/WARN] [net.minecraft.client.sounds.SoundEngine/]: Missing sound for event: minecraft:item.goat_horn.play
[08Jun2026 21:06:34.267] [Render thread/WARN] [net.minecraft.client.sounds.SoundEngine/]: Missing sound for event: minecraft:entity.goat.screaming.horn_break
[08Jun2026 21:06:34.267] [Render thread/WARN] [net.minecraft.client.sounds.SoundEngine/]: Missing sound for event: cobblemon:ride.loop.leather
[08Jun2026 21:06:34.267] [Render thread/WARN] [net.minecraft.client.sounds.SoundEngine/]: Missing sound for event: cobblemon:ride.loop.plumage
[08Jun2026 21:06:34.296] [Render thread/INFO] [com.mojang.blaze3d.audio.Library/]: OpenAL initialized on device OpenAL Soft on Headphones (High Definition Audio Device)
[08Jun2026 21:06:34.297] [Render thread/INFO] [net.minecraft.client.sounds.SoundEngine/SOUNDS]: Sound engine started
[08Jun2026 21:06:34.382] [Render thread/INFO] [net.minecraft.client.renderer.texture.TextureAtlas/]: Created: 2048x1024x4 minecraft:textures/atlas/blocks.png-atlas
[08Jun2026 21:06:34.391] [Render thread/INFO] [net.minecraft.client.renderer.texture.TextureAtlas/]: Created: 256x256x4 minecraft:textures/atlas/signs.png-atlas
[08Jun2026 21:06:34.391] [Render thread/INFO] [net.minecraft.client.renderer.texture.TextureAtlas/]: Created: 512x512x4 minecraft:textures/atlas/shield_patterns.png-atlas
[08Jun2026 21:06:34.391] [Render thread/INFO] [net.minecraft.client.renderer.texture.TextureAtlas/]: Created: 512x512x4 minecraft:textures/atlas/banner_patterns.png-atlas
[08Jun2026 21:06:34.392] [Render thread/INFO] [net.minecraft.client.renderer.texture.TextureAtlas/]: Created: 2048x1024x4 minecraft:textures/atlas/armor_trims.png-atlas
[08Jun2026 21:06:34.394] [Render thread/INFO] [net.minecraft.client.renderer.texture.TextureAtlas/]: Created: 128x128x4 minecraft:textures/atlas/decorated_pot.png-atlas
[08Jun2026 21:06:34.394] [Render thread/INFO] [net.minecraft.client.renderer.texture.TextureAtlas/]: Created: 256x256x4 minecraft:textures/atlas/chest.png-atlas
[08Jun2026 21:06:34.394] [Render thread/INFO] [net.minecraft.client.renderer.texture.TextureAtlas/]: Created: 512x256x4 minecraft:textures/atlas/beds.png-atlas
[08Jun2026 21:06:34.394] [Render thread/INFO] [net.minecraft.client.renderer.texture.TextureAtlas/]: Created: 512x256x4 minecraft:textures/atlas/shulker_boxes.png-atlas
[08Jun2026 21:06:34.446] [Render thread/INFO] [net.minecraft.client.renderer.texture.TextureAtlas/]: Created: 4096x1024x0 minecraft:textures/atlas/particles.png-atlas
[08Jun2026 21:06:34.449] [Render thread/INFO] [net.minecraft.client.renderer.texture.TextureAtlas/]: Created: 512x256x0 minecraft:textures/atlas/paintings.png-atlas
[08Jun2026 21:06:34.450] [Render thread/INFO] [net.minecraft.client.renderer.texture.TextureAtlas/]: Created: 256x128x0 minecraft:textures/atlas/mob_effects.png-atlas
[08Jun2026 21:06:34.450] [Render thread/INFO] [net.minecraft.client.renderer.texture.TextureAtlas/]: Created: 64x64x0 minecraft:textures/atlas/map_decorations.png-atlas
[08Jun2026 21:06:34.450] [Render thread/INFO] [net.minecraft.client.renderer.texture.TextureAtlas/]: Created: 1024x512x0 minecraft:textures/atlas/gui.png-atlas
[08Jun2026 21:06:34.460] [Render thread/WARN] [net.minecraft.client.renderer.ShaderInstance/]: Shader rendertype_entity_cutout could not find uniform named IViewRotMat in the specified shader program.
[08Jun2026 21:06:34.463] [Render thread/WARN] [net.minecraft.client.renderer.ShaderInstance/]: Shader rendertype_entity_translucent could not find uniform named IViewRotMat in the specified shader program.
[08Jun2026 21:06:34.464] [Render thread/WARN] [net.minecraft.client.renderer.ShaderInstance/]: Shader rendertype_entity_translucent_emissive could not find sampler named Sampler2 in the specified shader program.
[08Jun2026 21:06:34.488] [Render thread/WARN] [net.minecraft.client.renderer.ShaderInstance/]: Shader cobblemon:particle_add could not find sampler named Sampler2 in the specified shader program.
[08Jun2026 21:06:34.489] [Render thread/WARN] [net.minecraft.client.renderer.ShaderInstance/]: Shader cobblemon:particle_cutout could not find sampler named Sampler2 in the specified shader program.
[08Jun2026 21:06:34.495] [Render thread/INFO] [net.neoforged.neoforge.client.entity.animation.json.AnimationLoader/]: Loaded 0 entity animations
[08Jun2026 21:06:34.495] [Render thread/INFO] [net.minecraft.client.renderer.texture.TextureAtlas/]: Created: 128x128x0 cobblemon:textures/atlas/berries.png-atlas
[08Jun2026 21:06:34.495] [Render thread/INFO] [com.cobblemon.mod.common.Cobblemon/]: Loading assets...
[08Jun2026 21:06:34.496] [Render thread/INFO] [com.cobblemon.mod.common.Cobblemon/]: Loading particle effects...
[08Jun2026 21:06:34.634] [Render thread/INFO] [com.cobblemon.mod.common.Cobblemon/]: Loaded 968 particle effects
[08Jun2026 21:06:34.643] [Render thread/INFO] [com.cobblemon.mod.common.Cobblemon/]: Loading animations...
[08Jun2026 21:06:36.616] [Render thread/INFO] [com.cobblemon.mod.common.Cobblemon/]: Loaded 8805 animations from 975 animation groups
[08Jun2026 21:06:36.616] [Render thread/INFO] [com.cobblemon.mod.common.Cobblemon/]: Loading varying Bedrock assets...
[08Jun2026 21:06:36.880] [Render thread/INFO] [com.cobblemon.mod.common.Cobblemon/]: Loaded 1125 models.
[08Jun2026 21:06:37.168] [Render thread/INFO] [com.cobblemon.mod.common.Cobblemon/]: Loaded 1039 posers.
[08Jun2026 21:06:37.214] [Render thread/INFO] [com.cobblemon.mod.common.Cobblemon/]: Loaded 2654 variations.
[08Jun2026 21:06:37.218] [Render thread/INFO] [com.cobblemon.mod.common.Cobblemon/]: Loaded 72 berry models
[08Jun2026 21:06:37.219] [Render thread/INFO] [com.cobblemon.mod.common.Cobblemon/]: Loaded 5 misc models
[08Jun2026 21:06:37.220] [Render thread/INFO] [com.cobblemon.mod.common.Cobblemon/]: Loaded assets
[08Jun2026 21:06:53.564] [Render thread/INFO] [net.minecraft.world.item.crafting.RecipeManager/]: Loaded 2050 recipes
[08Jun2026 21:06:53.685] [Render thread/INFO] [net.minecraft.advancements.AdvancementTree/]: Loaded 2152 advancements
[08Jun2026 21:06:53.690] [Render thread/INFO] [com.cobblemon.mod.common.Cobblemon/]: Loaded 10 server scripts and 1 client scripts
[08Jun2026 21:06:55.582] [Render thread/INFO] [com.cobblemon.mod.common.Cobblemon/]: Loaded 936 moves
[08Jun2026 21:06:55.628] [Render thread/INFO] [com.cobblemon.mod.common.Cobblemon/]: Loaded 314 abilities
[08Jun2026 21:06:55.670] [Render thread/INFO] [com.cobblemon.mod.common.Cobblemon/]: Loaded 48 entity behaviours
[08Jun2026 21:06:55.987] [Render thread/INFO] [com.cobblemon.mod.common.Cobblemon/]: Finished additions
[08Jun2026 21:06:56.159] [cobblemon Datafixer Bootstrap/INFO] [com.mojang.datafixers.DataFixerBuilder/]: 4 Datafixer optimizations took 2 milliseconds
[08Jun2026 21:06:56.514] [Render thread/INFO] [com.cobblemon.mod.common.Cobblemon/]: Loaded 1025 Pokémon species
[08Jun2026 21:06:56.520] [Render thread/INFO] [com.cobblemon.mod.common.Cobblemon/]: Loaded 28 spawn detail presets.
[08Jun2026 21:06:56.527] [Render thread/INFO] [com.cobblemon.mod.common.Cobblemon/]: Starting dummy Showdown battle to force it to pre-load data.
[08Jun2026 21:06:57.412] [Render thread/INFO] [com.cobblemon.mod.common.Cobblemon/]: Imported 266 held item IDs from showdown
[08Jun2026 21:06:57.428] [Render thread/INFO] [com.cobblemon.mod.common.Cobblemon/]: Loaded 15 fossils
[08Jun2026 21:06:57.470] [Render thread/ERROR] [net.minecraft.Util/]: Invalid path in pack: cobblemon:dex_entry_additions/README.md, ignoring
[08Jun2026 21:06:57.476] [Render thread/ERROR] [net.minecraft.Util/]: Invalid path in pack: cobblemon:dex_additions/README.md, ignoring
[08Jun2026 21:06:57.485] [Render thread/INFO] [com.cobblemon.mod.common.Cobblemon/]: Loaded 6 callbacks and 0 client callbacks
[08Jun2026 21:06:57.492] [Render thread/INFO] [com.cobblemon.mod.common.Cobblemon/]: Loaded 168 marks
[08Jun2026 21:06:58.145] [Render thread/INFO] [com.cobblemon.mod.common.Cobblemon/]: Loaded 70 berries
[08Jun2026 21:06:58.164] [Render thread/INFO] [com.cobblemon.mod.common.Cobblemon/]: Loaded 137 Pokémon interaction sets
[08Jun2026 21:06:58.177] [Render thread/WARN] [net.minecraft.core.MappedRegistry/]: Not all defined tags for registry ResourceKey[minecraft:root / minecraft:item] are present in data pack: c:tools/brushes
[08Jun2026 21:06:59.120] [Server thread/INFO] [net.minecraft.client.server.IntegratedServer/]: Starting integrated minecraft server version 1.21.1
[08Jun2026 21:06:59.120] [Server thread/INFO] [net.minecraft.server.MinecraftServer/]: Generating keypair
[08Jun2026 21:06:59.934] [Server thread/INFO] [net.minecraft.server.MinecraftServer/]: Preparing start region for dimension minecraft:overworld
[08Jun2026 21:07:00.107] [progressListener/INFO] [net.minecraft.server.level.progress.LoggerChunkProgressListener/]: Preparing spawn area: 0%
[08Jun2026 21:07:00.267] [Server thread/INFO] [com.cobblemon.mod.common.Cobblemon/]: Starting Forge permission node registry
[08Jun2026 21:07:00.268] [Server thread/INFO] [net.neoforged.neoforge.server.permission.PermissionAPI/]: Successfully initialized permission handler neoforge:default_handler
[08Jun2026 21:07:00.269] [Server thread/WARN] [net.neoforged.neoforge.common.TagConventionLogWarning/]: 
   Dev warning - Legacy Tags detected. Please migrate your 'forge' namespace tags to the 'c' namespace! See net.neoforged.neoforge.common.Tags.java for all tags.
   NOTE: Many tags have been moved around or renamed. Some new ones were added so please review the new tags.
    And make sure you follow tag conventions for new tags! The convention is `c` with nouns generally being plural and adjectives being singular.
   You can disable this message in NeoForge's common config by setting `logLegacyTagWarnings` to "SILENCED" or see individual tags with "DEV_VERBOSE".

[08Jun2026 21:07:00.269] [Server thread/INFO] [com.cobblemon.mod.common.Cobblemon/]: Optimizing spawn pools...
[08Jun2026 21:07:00.271] [progressListener/INFO] [net.minecraft.server.level.progress.LoggerChunkProgressListener/]: Time elapsed: 325 ms
[08Jun2026 21:07:00.377] [Server thread/INFO] [net.minecraft.client.server.IntegratedServer/]: Changing view distance to 12, from 10
[08Jun2026 21:07:00.377] [Server thread/INFO] [net.minecraft.client.server.IntegratedServer/]: Changing simulation distance to 12, from 0
[08Jun2026 21:07:00.944] [Server thread/INFO] [net.minecraft.server.players.PlayerList/]: Dev[local:E:b791de83] logged in with entity id 89 at (67.54625955033055, 74.16610926093821, 183.8742611706256)
[08Jun2026 21:07:01.024] [Server thread/INFO] [net.minecraft.server.MinecraftServer/]: Dev joined the game
[08Jun2026 21:07:01.261] [Render thread/INFO] [net.minecraft.advancements.AdvancementTree/]: Loaded 50 advancements
[08Jun2026 21:07:01.733] [Server thread/INFO] [net.minecraft.client.server.IntegratedServer/]: Saving and pausing game...
[08Jun2026 21:07:01.756] [Server thread/INFO] [net.minecraft.server.MinecraftServer/]: Saving chunks for level 'ServerLevel[New World]'/minecraft:overworld
[08Jun2026 21:07:01.782] [Server thread/INFO] [net.minecraft.server.MinecraftServer/]: Saving chunks for level 'ServerLevel[New World]'/minecraft:the_end
[08Jun2026 21:07:01.782] [Server thread/INFO] [net.minecraft.server.MinecraftServer/]: Saving chunks for level 'ServerLevel[New World]'/minecraft:the_nether
[08Jun2026 21:07:30.627] [Server thread/INFO] [net.minecraft.client.server.IntegratedServer/]: Saving and pausing game...
[08Jun2026 21:07:30.634] [Server thread/INFO] [net.minecraft.server.MinecraftServer/]: Saving chunks for level 'ServerLevel[New World]'/minecraft:overworld
[08Jun2026 21:07:30.649] [Server thread/INFO] [net.minecraft.server.MinecraftServer/]: Saving chunks for level 'ServerLevel[New World]'/minecraft:the_end
[08Jun2026 21:07:30.649] [Server thread/INFO] [net.minecraft.server.MinecraftServer/]: Saving chunks for level 'ServerLevel[New World]'/minecraft:the_nether
[08Jun2026 21:08:03.341] [Server thread/INFO] [net.minecraft.server.network.ServerGamePacketListenerImpl/]: Dev lost connection: Disconnected
[08Jun2026 21:08:03.341] [Server thread/INFO] [net.minecraft.server.MinecraftServer/]: Dev left the game
[08Jun2026 21:08:03.353] [Server thread/INFO] [net.minecraft.server.network.ServerCommonPacketListenerImpl/]: Stopping singleplayer server as player logged out
[08Jun2026 21:08:03.405] [Server thread/INFO] [net.minecraft.server.MinecraftServer/]: Stopping server
[08Jun2026 21:08:03.405] [Server thread/INFO] [net.minecraft.server.MinecraftServer/]: Saving players
[08Jun2026 21:08:03.405] [Server thread/INFO] [net.minecraft.server.MinecraftServer/]: Saving worlds
[08Jun2026 21:08:03.881] [Server thread/INFO] [net.minecraft.server.MinecraftServer/]: Saving chunks for level 'ServerLevel[New World]'/minecraft:overworld
[08Jun2026 21:08:03.920] [Server thread/INFO] [net.minecraft.server.MinecraftServer/]: Saving chunks for level 'ServerLevel[New World]'/minecraft:the_end
[08Jun2026 21:08:03.923] [Server thread/INFO] [net.minecraft.server.MinecraftServer/]: Saving chunks for level 'ServerLevel[New World]'/minecraft:the_nether
[08Jun2026 21:08:03.930] [Server thread/INFO] [net.minecraft.server.MinecraftServer/]: ThreadedAnvilChunkStorage (New World): All chunks are saved
[08Jun2026 21:08:03.930] [Server thread/INFO] [net.minecraft.server.MinecraftServer/]: ThreadedAnvilChunkStorage (DIM1): All chunks are saved
[08Jun2026 21:08:03.930] [Server thread/INFO] [net.minecraft.server.MinecraftServer/]: ThreadedAnvilChunkStorage (DIM-1): All chunks are saved
[08Jun2026 21:08:03.930] [Server thread/INFO] [net.minecraft.server.MinecraftServer/]: ThreadedAnvilChunkStorage: All dimensions are saved
[08Jun2026 21:08:04.523] [Render thread/INFO] [net.minecraft.client.Minecraft/]: Stopping!
